# serializer version: 1
# name: test_light_profile_golden_snapshot
  dict({
    'ascii': 'Hello, world!',
    'decomposed-hamza': 'أحمد',
    'empty': '',
    'lam-alef-hamza': 'لأ',
    'lam-alef-plain': 'لا',
    'presentation-letters': 'به',
    'tatweel': 'مـح',
    'vocalized': 'نصّ',
  })
# ---
